[0m16:19:23.853348 [debug] [MainThread]: Sending event: {'category': 'dbt', 'action': 'invocation', 'label': 'start', 'context': [<snowplow_tracker.self_describing_json.SelfDescribingJson object at 0x7b7ef8637140>, <snowplow_tracker.self_describing_json.SelfDescribingJson object at 0x7b7efa4381a0>, <snowplow_tracker.self_describing_json.SelfDescribingJson object at 0x7b7ef82e8590>]}


============================== 16:19:23.856511 | d8496758-95be-4a91-86e6-03ebe610f15d ==============================
[0m16:19:23.856511 [info ] [MainThread]: Running with dbt=1.11.8
[0m16:19:23.857056 [debug] [MainThread]: running dbt with arguments {'log_format': 'default', 'warn_error': 'None', 'log_path': 'logs', 'fail_fast': 'False', 'partial_parse': 'True', 'log_cache_events': 'False', 'use_experimental_parser': 'False', 'invocation_command': 'dbt init olist_dbt', 'indirect_selection': 'eager', 'warn_error_options': 'WarnErrorOptionsV2(error=[], warn=[], silence=[])', 'profiles_dir': '/home/salem/.dbt', 'version_check': 'True', 'cache_selected_only': 'False', 'introspect': 'True', 'no_print': 'None', 'static_parser': 'True', 'send_anonymous_usage_stats': 'True', 'printer_width': '80', 'debug': 'False', 'empty': 'None', 'quiet': 'False', 'use_colors': 'True', 'target_path': 'None', 'write_json': 'True'}
[0m16:19:23.866238 [debug] [MainThread]: Starter project path: /home/salem/Desktop/Data Engineering Projects/e-commerce/venv/lib/python3.12/site-packages/dbt/include/starter_project
[0m16:19:23.869155 [info ] [MainThread]: 
Your new dbt project "olist_dbt" was created!

For more information on how to configure the profiles.yml file,
please consult the dbt documentation here:

  https://docs.getdbt.com/docs/configure-your-profile

One more thing:

Need help? Don't hesitate to reach out to us via GitHub issues or on Slack:

  https://community.getdbt.com/

Happy modeling!

[0m16:19:23.869795 [info ] [MainThread]: Setting up your profile.
[0m16:27:55.521584 [info ] [MainThread]: Profile olist_dbt written to /home/salem/.dbt/profiles.yml using target's profile_template.yml and your supplied values. Run 'dbt debug' to validate the connection.
[0m16:27:55.522719 [debug] [MainThread]: Resource report: {"command_name": "init", "command_success": true, "command_wall_clock_time": 511.718, "process_in_blocks": "25608", "process_kernel_time": 0.371697, "process_mem_max_rss": "215292", "process_out_blocks": "80", "process_user_time": 3.088866}
[0m16:27:55.523753 [debug] [MainThread]: Command `dbt init` succeeded at 16:27:55.523576 after 511.72 seconds
[0m16:27:55.524424 [debug] [MainThread]: Sending event: {'category': 'dbt', 'action': 'invocation', 'label': 'end', 'context': [<snowplow_tracker.self_describing_json.SelfDescribingJson object at 0x7b7ec6c4a480>, <snowplow_tracker.self_describing_json.SelfDescribingJson object at 0x7b7ec7e61d30>, <snowplow_tracker.self_describing_json.SelfDescribingJson object at 0x7b7ef8637140>]}
[0m16:27:55.525127 [debug] [MainThread]: Flushing usage events
[0m16:27:56.197353 [debug] [MainThread]: An error was encountered while trying to flush usage events
[0m16:30:22.147620 [debug] [MainThread]: Sending event: {'category': 'dbt', 'action': 'invocation', 'label': 'start', 'context': [<snowplow_tracker.self_describing_json.SelfDescribingJson object at 0x721c934c1ac0>, <snowplow_tracker.self_describing_json.SelfDescribingJson object at 0x721c932b4fe0>, <snowplow_tracker.self_describing_json.SelfDescribingJson object at 0x721c936651f0>]}


============================== 16:30:22.150857 | 75feaff7-7593-45ca-af46-df979f571960 ==============================
[0m16:30:22.150857 [info ] [MainThread]: Running with dbt=1.11.8
[0m16:30:22.151442 [debug] [MainThread]: running dbt with arguments {'fail_fast': 'False', 'version_check': 'True', 'introspect': 'True', 'profiles_dir': '/home/salem/.dbt', 'warn_error_options': 'WarnErrorOptionsV2(error=[], warn=[], silence=[])', 'empty': 'None', 'static_parser': 'True', 'send_anonymous_usage_stats': 'True', 'partial_parse': 'True', 'log_path': 'logs', 'use_colors': 'True', 'debug': 'False', 'no_print': 'None', 'log_format': 'default', 'use_experimental_parser': 'False', 'quiet': 'False', 'indirect_selection': 'eager', 'write_json': 'True', 'target_path': 'None', 'invocation_command': 'dbt debug', 'log_cache_events': 'False', 'printer_width': '80', 'cache_selected_only': 'False', 'warn_error': 'None'}
[0m16:30:22.160235 [info ] [MainThread]: dbt version: 1.11.8
[0m16:30:22.160695 [info ] [MainThread]: python version: 3.12.3
[0m16:30:22.161060 [info ] [MainThread]: python path: /home/salem/Desktop/Data Engineering Projects/e-commerce/venv/bin/python3
[0m16:30:22.161448 [info ] [MainThread]: os info: Linux-6.17.0-22-generic-x86_64-with-glibc2.39
[0m16:30:22.166710 [info ] [MainThread]: Error importing adapter: No module named 'dbt.adapters.postgres'
[0m16:30:22.848550 [info ] [MainThread]: Using profiles dir at /home/salem/.dbt
[0m16:30:22.849067 [info ] [MainThread]: Using profiles.yml file at /home/salem/.dbt/profiles.yml
[0m16:30:22.849444 [info ] [MainThread]: Using dbt_project.yml file at /home/salem/Desktop/Data Engineering Projects/e-commerce/dbt/dbt_project.yml
[0m16:30:22.849802 [info ] [MainThread]: Configuration:
[0m16:30:22.850136 [info ] [MainThread]:   profiles.yml file [[31mERROR invalid[0m]
[0m16:30:22.850477 [info ] [MainThread]:   dbt_project.yml file [[31mERROR not found[0m]
[0m16:30:22.850791 [info ] [MainThread]: Required dependencies:
[0m16:30:22.851125 [debug] [MainThread]: Executing "git --help"
[0m16:30:22.854073 [debug] [MainThread]: STDOUT: "b"usage: git [-v | --version] [-h | --help] [-C <path>] [-c <name>=<value>]\n           [--exec-path[=<path>]] [--html-path] [--man-path] [--info-path]\n           [-p | --paginate | -P | --no-pager] [--no-replace-objects] [--bare]\n           [--git-dir=<path>] [--work-tree=<path>] [--namespace=<name>]\n           [--config-env=<name>=<envvar>] <command> [<args>]\n\nThese are common Git commands used in various situations:\n\nstart a working area (see also: git help tutorial)\n   clone     Clone a repository into a new directory\n   init      Create an empty Git repository or reinitialize an existing one\n\nwork on the current change (see also: git help everyday)\n   add       Add file contents to the index\n   mv        Move or rename a file, a directory, or a symlink\n   restore   Restore working tree files\n   rm        Remove files from the working tree and from the index\n\nexamine the history and state (see also: git help revisions)\n   bisect    Use binary search to find the commit that introduced a bug\n   diff      Show changes between commits, commit and working tree, etc\n   grep      Print lines matching a pattern\n   log       Show commit logs\n   show      Show various types of objects\n   status    Show the working tree status\n\ngrow, mark and tweak your common history\n   branch    List, create, or delete branches\n   commit    Record changes to the repository\n   merge     Join two or more development histories together\n   rebase    Reapply commits on top of another base tip\n   reset     Reset current HEAD to the specified state\n   switch    Switch branches\n   tag       Create, list, delete or verify a tag object signed with GPG\n\ncollaborate (see also: git help workflows)\n   fetch     Download objects and refs from another repository\n   pull      Fetch from and integrate with another repository or a local branch\n   push      Update remote refs along with associated objects\n\n'git help -a' and 'git help -g' list available subcommands and some\nconcept guides. See 'git help <command>' or 'git help <concept>'\nto read about a specific subcommand or concept.\nSee 'git help git' for an overview of the system.\n""
[0m16:30:22.854817 [debug] [MainThread]: STDERR: "b''"
[0m16:30:22.855677 [info ] [MainThread]:  - git [[32mOK found[0m]

[0m16:30:22.856468 [info ] [MainThread]: Connection test skipped since no profile was found
[0m16:30:22.856926 [info ] [MainThread]: [31m2 checks failed:[0m
[0m16:30:22.857309 [info ] [MainThread]: Could not load dbt_project.yml
Profile loading failed for the following reason:
Runtime Error
  Credentials in profile "dbt_project", target "dev" invalid: Runtime Error
    Could not find adapter type postgres!


[0m16:30:22.857695 [info ] [MainThread]: Project loading failed for the following reason:
 project path </home/salem/Desktop/Data Engineering Projects/e-commerce/dbt/dbt_project.yml> not found

[0m16:30:22.858319 [debug] [MainThread]: Resource report: {"command_name": "debug", "command_success": false, "command_wall_clock_time": 0.7637302, "process_in_blocks": "0", "process_kernel_time": 0.344134, "process_mem_max_rss": "216628", "process_out_blocks": "24", "process_user_time": 3.091243}
[0m16:30:22.859097 [debug] [MainThread]: Command `dbt debug` failed at 16:30:22.858949 after 0.76 seconds
[0m16:30:22.859617 [debug] [MainThread]: Sending event: {'category': 'dbt', 'action': 'invocation', 'label': 'end', 'context': [<snowplow_tracker.self_describing_json.SelfDescribingJson object at 0x721c655ff2f0>, <snowplow_tracker.self_describing_json.SelfDescribingJson object at 0x721c66daa450>, <snowplow_tracker.self_describing_json.SelfDescribingJson object at 0x721c93254e00>]}
[0m16:30:22.860218 [debug] [MainThread]: Flushing usage events
[0m16:30:23.900904 [debug] [MainThread]: An error was encountered while trying to flush usage events
[0m22:36:23.873182 [debug] [MainThread]: Sending event: {'category': 'dbt', 'action': 'invocation', 'label': 'start', 'context': [<snowplow_tracker.self_describing_json.SelfDescribingJson object at 0x71dc28efbce0>, <snowplow_tracker.self_describing_json.SelfDescribingJson object at 0x71dc26c6f710>, <snowplow_tracker.self_describing_json.SelfDescribingJson object at 0x71dc26879e80>]}


============================== 22:36:23.877761 | e81459d9-2305-486a-bb66-545811ceab2a ==============================
[0m22:36:23.877761 [info ] [MainThread]: Running with dbt=1.11.8
[0m22:36:23.878305 [debug] [MainThread]: running dbt with arguments {'log_format': 'default', 'log_path': 'logs', 'target_path': 'None', 'partial_parse': 'True', 'send_anonymous_usage_stats': 'True', 'indirect_selection': 'eager', 'write_json': 'True', 'version_check': 'True', 'fail_fast': 'False', 'quiet': 'False', 'cache_selected_only': 'False', 'use_colors': 'True', 'warn_error_options': 'WarnErrorOptionsV2(error=[], warn=[], silence=[])', 'warn_error': 'None', 'printer_width': '80', 'no_print': 'None', 'static_parser': 'True', 'empty': 'False', 'introspect': 'True', 'log_cache_events': 'False', 'use_experimental_parser': 'False', 'profiles_dir': '/home/salem/.dbt', 'invocation_command': 'dbt run', 'debug': 'False'}
[0m22:36:23.878812 [error] [MainThread]: Encountered an error:
Runtime Error
  No dbt_project.yml found at expected path /home/salem/Desktop/Data Engineering Projects/e-commerce/dbt/dbt_project.yml
  Verify that each entry within packages.yml (and their transitive dependencies) contains a file named dbt_project.yml
  
[0m22:36:23.879724 [debug] [MainThread]: Resource report: {"command_name": "run", "command_success": false, "command_wall_clock_time": 0.054872327, "process_in_blocks": "8", "process_kernel_time": 0.199748, "process_mem_max_rss": "102920", "process_out_blocks": "8", "process_user_time": 1.178514}
[0m22:36:23.880194 [debug] [MainThread]: Command `dbt run` failed at 22:36:23.880116 after 0.06 seconds
[0m22:36:23.880581 [debug] [MainThread]: Sending event: {'category': 'dbt', 'action': 'invocation', 'label': 'end', 'context': [<snowplow_tracker.self_describing_json.SelfDescribingJson object at 0x71dc26b425d0>, <snowplow_tracker.self_describing_json.SelfDescribingJson object at 0x71dc25ea5c40>, <snowplow_tracker.self_describing_json.SelfDescribingJson object at 0x71dc28efbce0>]}
[0m22:36:23.880955 [debug] [MainThread]: Flushing usage events
[0m22:36:24.702469 [debug] [MainThread]: An error was encountered while trying to flush usage events
[0m00:23:55.135890 [debug] [MainThread]: Sending event: {'category': 'dbt', 'action': 'invocation', 'label': 'start', 'context': [<snowplow_tracker.self_describing_json.SelfDescribingJson object at 0x72eab9a12c90>, <snowplow_tracker.self_describing_json.SelfDescribingJson object at 0x72eabc7847d0>, <snowplow_tracker.self_describing_json.SelfDescribingJson object at 0x72eaba146ae0>]}


============================== 00:23:55.139791 | 94a83d7a-d054-42c9-b9f9-e02a092858b8 ==============================
[0m00:23:55.139791 [info ] [MainThread]: Running with dbt=1.11.8
[0m00:23:55.140356 [debug] [MainThread]: running dbt with arguments {'log_cache_events': 'False', 'fail_fast': 'False', 'warn_error_options': 'WarnErrorOptionsV2(error=[], warn=[], silence=[])', 'indirect_selection': 'eager', 'static_parser': 'True', 'use_colors': 'True', 'write_json': 'True', 'empty': 'False', 'debug': 'False', 'invocation_command': 'dbt run --select +fct_orders+', 'partial_parse': 'True', 'send_anonymous_usage_stats': 'True', 'log_path': 'logs', 'quiet': 'False', 'printer_width': '80', 'log_format': 'default', 'warn_error': 'None', 'no_print': 'None', 'target_path': 'None', 'cache_selected_only': 'False', 'use_experimental_parser': 'False', 'version_check': 'True', 'introspect': 'True', 'profiles_dir': '/home/salem/.dbt'}
[0m00:23:55.140888 [error] [MainThread]: Encountered an error:
Runtime Error
  No dbt_project.yml found at expected path /home/salem/Desktop/Data Engineering Projects/e-commerce/dbt/dbt_project.yml
  Verify that each entry within packages.yml (and their transitive dependencies) contains a file named dbt_project.yml
  
[0m00:23:55.141810 [debug] [MainThread]: Resource report: {"command_name": "run", "command_success": false, "command_wall_clock_time": 0.056014597, "process_in_blocks": "9888", "process_kernel_time": 0.206447, "process_mem_max_rss": "103160", "process_out_blocks": "16", "process_user_time": 1.160893}
[0m00:23:55.142288 [debug] [MainThread]: Command `dbt run` failed at 00:23:55.142206 after 0.06 seconds
[0m00:23:55.142662 [debug] [MainThread]: Sending event: {'category': 'dbt', 'action': 'invocation', 'label': 'end', 'context': [<snowplow_tracker.self_describing_json.SelfDescribingJson object at 0x72eab9a12c90>, <snowplow_tracker.self_describing_json.SelfDescribingJson object at 0x72eaba92a600>, <snowplow_tracker.self_describing_json.SelfDescribingJson object at 0x72eaba92a750>]}
[0m00:23:55.143035 [debug] [MainThread]: Flushing usage events
[0m00:23:56.008065 [debug] [MainThread]: An error was encountered while trying to flush usage events
